// Jest Snapshot v1, https://goo.gl/fbAQLP

exports[`Should test ExpenseDashboard component 1`] = `
<div>
  dashboard page contents
</div>
`;
