// Jest Snapshot v1, https://goo.gl/fbAQLP

exports[`should render login page 1`] = `
<div
  className="box-layout"
>
  <div
    className="box-layout__box"
  >
    <h1
      className="box-layout__title"
    >
      Boiler Plate
    </h1>
    <p>
      TagLine for app
    </p>
    <button
      className="loginButton"
      onClick={[Function]}
    >
      Login with Google
    </button>
  </div>
</div>
`;
